Simulation 1bh_static_test
Simulation start at  Tue Aug 9 18:23:04 UTC 2016
Simulation ManyBHnear_1bh_static_test_2x3x5 end at Tue Aug 9 18:23:04 UTC 2016
Simulation ManyBHnear_1bh_static_test_4x5x9 start at Tue Aug 9 18:23:04 UTC 2016
Still working on ...
Simulation ManyBHnear_1bh_static_test_4x5x9 end at Tue Aug 9 18:23:06 UTC 2016
Simulation ManyBHnear_1bh_static_test_12x13x17 start at Tue Aug 9 18:23:06 UTC 2016
Still working on ...
Simulation ManyBHnear_1bh_static_test_12x13x17 end at Tue Aug 9 18:23:10 UTC 2016
Simulation ManyBHnear_1bh_static_test_16x17x25 start at Tue Aug 9 18:23:10 UTC 2016
Still working on ...
Simulation ManyBHnear_1bh_static_test_16x17x25 end at Tue Aug 9 18:23:14 UTC 2016
Done!
