Simulation 1bh_p0.1_dx0.0015625_near
Simulation start at  Tue Aug 9 19:35:59 UTC 2016
Simulation ManyBHnear_1bh_p0.1_dx0.0015625_near_4x5x9 start at Tue Aug 9 19:35:59 UTC 2016
Still working on ...
Simulation ManyBHnear_1bh_p0.1_dx0.0015625_near_4x5x9 end at Tue Aug 9 19:36:01 UTC 2016
Simulation ManyBHnear_1bh_p0.1_dx0.0015625_near_12x13x17 start at Tue Aug 9 19:36:01 UTC 2016
Still working on ...
Simulation ManyBHnear_1bh_p0.1_dx0.0015625_near_12x13x17 end at Tue Aug 9 19:36:04 UTC 2016
Simulation ManyBHnear_1bh_p0.1_dx0.0015625_near_16x17x25 start at Tue Aug 9 19:36:04 UTC 2016
Still working on ...
Simulation ManyBHnear_1bh_p0.1_dx0.0015625_near_16x17x25 end at Tue Aug 9 19:36:08 UTC 2016
Simulation ManyBHnear_1bh_p0.1_dx0.0015625_near_24x25x33 start at Tue Aug 9 19:36:08 UTC 2016
Still working on ...
Simulation ManyBHnear_1bh_p0.1_dx0.0015625_near_24x25x33 end at Tue Aug 9 19:36:17 UTC 2016
Simulation ManyBHnear_1bh_p0.1_dx0.0015625_near_32x33x41 start at Tue Aug 9 19:36:17 UTC 2016
Still working on ...
Simulation ManyBHnear_1bh_p0.1_dx0.0015625_near_32x33x41 end at Tue Aug 9 19:36:31 UTC 2016
Simulation ManyBHnear_1bh_p0.1_dx0.0015625_near_40x41x49 start at Tue Aug 9 19:36:31 UTC 2016
Still working on ...
Simulation ManyBHnear_1bh_p0.1_dx0.0015625_near_40x41x49 end at Tue Aug 9 19:36:56 UTC 2016
