Simulation 1bh_p0.0_dx0.0015625_near
Simulation start at  Tue Aug 9 19:49:14 UTC 2016
Simulation ManyBHnear_1bh_p0.0_dx0.0015625_near_4x5x9 start at Tue Aug 9 19:49:14 UTC 2016
Still working on ...
Simulation ManyBHnear_1bh_p0.0_dx0.0015625_near_4x5x9 end at Tue Aug 9 19:49:16 UTC 2016
Simulation ManyBHnear_1bh_p0.0_dx0.0015625_near_12x13x17 start at Tue Aug 9 19:49:16 UTC 2016
Still working on ...
Simulation ManyBHnear_1bh_p0.0_dx0.0015625_near_12x13x17 end at Tue Aug 9 19:49:18 UTC 2016
Simulation ManyBHmid_1bh_p0.0_dx0.0015625_near_4x5x9 start at Tue Aug 9 19:49:18 UTC 2016
Still working on ...
Simulation ManyBHmid_1bh_p0.0_dx0.0015625_near_4x5x9 end at Tue Aug 9 19:49:23 UTC 2016
Simulation ManyBHmid_1bh_p0.0_dx0.0015625_near_12x13x17 start at Tue Aug 9 19:49:23 UTC 2016
Still working on ...
Simulation ManyBHmid_1bh_p0.0_dx0.0015625_near_12x13x17 end at Tue Aug 9 19:49:28 UTC 2016
Simulation ManyBHfar_1bh_p0.0_dx0.0015625_near_4x5x9 start at Tue Aug 9 19:49:28 UTC 2016
Still working on ...
Simulation ManyBHfar_1bh_p0.0_dx0.0015625_near_4x5x9 end at Tue Aug 9 19:49:30 UTC 2016
Simulation ManyBHfar_1bh_p0.0_dx0.0015625_near_12x13x17 start at Tue Aug 9 19:49:30 UTC 2016
Still working on ...
Simulation ManyBHfar_1bh_p0.0_dx0.0015625_near_12x13x17 end at Tue Aug 9 19:49:32 UTC 2016
Done!
